// Jest Snapshot v1, https://goo.gl/fbAQLP

exports[`<PokemonNotFoundCard/> renders correctly 1`] = `
<div
  className="sc-gsTCUz dWKMot card bg-danger"
>
  <div
    className="card-body"
  >
    <h3
      className="card-title"
    >
      <span
        className="sc-bdfBwQ hczRhm"
      >
        <span
          aria-label="Scream"
          role="img"
        >
          ðŸ˜±
        </span>
      </span>
    </h3>
    <h3
      className="card-text"
    >
      No Pokemon found. Please refine your search
    </h3>
  </div>
</div>
`;
